DEBUG - 2026-05-10 07:56:51 --> Session: Class initialized using 'CodeIgniter\Session\Handlers\FileHandler' driver.
DEBUG - 2026-05-10 07:56:51 --> Session: Class initialized using 'CodeIgniter\Session\Handlers\FileHandler' driver.
ERROR - 2026-05-10 07:57:02 --> Error connecting to the database: mysqli_sql_exception: Connection refused in /home/noah/S4/SI,IHM/SI/RegimeAlimentaire/system/Database/MySQLi/Connection.php:201
Stack trace:
#0 /home/noah/S4/SI,IHM/SI/RegimeAlimentaire/system/Database/MySQLi/Connection.php(201): mysqli->real_connect()
#1 /home/noah/S4/SI,IHM/SI/RegimeAlimentaire/system/Database/BaseConnection.php(555): CodeIgniter\Database\MySQLi\Connection->connect()
#2 /home/noah/S4/SI,IHM/SI/RegimeAlimentaire/system/Database/BaseConnection.php(795): CodeIgniter\Database\BaseConnection->initialize()
#3 /home/noah/S4/SI,IHM/SI/RegimeAlimentaire/system/Database/BaseBuilder.php(1649): CodeIgniter\Database\BaseConnection->query()
#4 /home/noah/S4/SI,IHM/SI/RegimeAlimentaire/system/Model.php(295): CodeIgniter\Database\BaseBuilder->get()
#5 /home/noah/S4/SI,IHM/SI/RegimeAlimentaire/system/BaseModel.php(714): CodeIgniter\Model->doFirst()
#6 /home/noah/S4/SI,IHM/SI/RegimeAlimentaire/app/Controllers/AuthController.php(20): CodeIgniter\BaseModel->first()
#7 /home/noah/S4/SI,IHM/SI/RegimeAlimentaire/system/CodeIgniter.php(951): App\Controllers\AuthController->login()
#8 /home/noah/S4/SI,IHM/SI/RegimeAlimentaire/system/CodeIgniter.php(497): CodeIgniter\CodeIgniter->runController()
#9 /home/noah/S4/SI,IHM/SI/RegimeAlimentaire/system/CodeIgniter.php(340): CodeIgniter\CodeIgniter->handleRequest()
#10 /home/noah/S4/SI,IHM/SI/RegimeAlimentaire/system/Boot.php(417): CodeIgniter\CodeIgniter->run()
#11 /home/noah/S4/SI,IHM/SI/RegimeAlimentaire/system/Boot.php(68): CodeIgniter\Boot::runCodeIgniter()
#12 /home/noah/S4/SI,IHM/SI/RegimeAlimentaire/public/index.php(62): CodeIgniter\Boot::bootWeb()
#13 {main}

Next CodeIgniter\Database\Exceptions\DatabaseException: Connection refused in /home/noah/S4/SI,IHM/SI/RegimeAlimentaire/system/Database/MySQLi/Connection.php:231
Stack trace:
#0 /home/noah/S4/SI,IHM/SI/RegimeAlimentaire/system/Database/BaseConnection.php(555): CodeIgniter\Database\MySQLi\Connection->connect()
#1 /home/noah/S4/SI,IHM/SI/RegimeAlimentaire/system/Database/BaseConnection.php(795): CodeIgniter\Database\BaseConnection->initialize()
#2 /home/noah/S4/SI,IHM/SI/RegimeAlimentaire/system/Database/BaseBuilder.php(1649): CodeIgniter\Database\BaseConnection->query()
#3 /home/noah/S4/SI,IHM/SI/RegimeAlimentaire/system/Model.php(295): CodeIgniter\Database\BaseBuilder->get()
#4 /home/noah/S4/SI,IHM/SI/RegimeAlimentaire/system/BaseModel.php(714): CodeIgniter\Model->doFirst()
#5 /home/noah/S4/SI,IHM/SI/RegimeAlimentaire/app/Controllers/AuthController.php(20): CodeIgniter\BaseModel->first()
#6 /home/noah/S4/SI,IHM/SI/RegimeAlimentaire/system/CodeIgniter.php(951): App\Controllers\AuthController->login()
#7 /home/noah/S4/SI,IHM/SI/RegimeAlimentaire/system/CodeIgniter.php(497): CodeIgniter\CodeIgniter->runController()
#8 /home/noah/S4/SI,IHM/SI/RegimeAlimentaire/system/CodeIgniter.php(340): CodeIgniter\CodeIgniter->handleRequest()
#9 /home/noah/S4/SI,IHM/SI/RegimeAlimentaire/system/Boot.php(417): CodeIgniter\CodeIgniter->run()
#10 /home/noah/S4/SI,IHM/SI/RegimeAlimentaire/system/Boot.php(68): CodeIgniter\Boot::runCodeIgniter()
#11 /home/noah/S4/SI,IHM/SI/RegimeAlimentaire/public/index.php(62): CodeIgniter\Boot::bootWeb()
#12 {main}
CRITICAL - 2026-05-10 07:57:02 --> CodeIgniter\Database\Exceptions\DatabaseException: Unable to connect to the database.
Main connection [MySQLi]: Connection refused
[Method: POST, Route: login]
in SYSTEMPATH/Database/BaseConnection.php on line 606.
 1 SYSTEMPATH/Database/BaseConnection.php(795): CodeIgniter\Database\BaseConnection->initialize()
 2 SYSTEMPATH/Database/BaseBuilder.php(1649): CodeIgniter\Database\BaseConnection->query()
 3 SYSTEMPATH/Model.php(295): CodeIgniter\Database\BaseBuilder->get()
 4 SYSTEMPATH/BaseModel.php(714): CodeIgniter\Model->doFirst()
 5 APPPATH/Controllers/AuthController.php(20): CodeIgniter\BaseModel->first()
 6 SYSTEMPATH/CodeIgniter.php(951): App\Controllers\AuthController->login()
 7 SYSTEMPATH/CodeIgniter.php(497): CodeIgniter\CodeIgniter->runController()
 8 SYSTEMPATH/CodeIgniter.php(340): CodeIgniter\CodeIgniter->handleRequest()
 9 SYSTEMPATH/Boot.php(417): CodeIgniter\CodeIgniter->run()
10 SYSTEMPATH/Boot.php(68): CodeIgniter\Boot::runCodeIgniter()
11 FCPATH/index.php(62): CodeIgniter\Boot::bootWeb()
DEBUG - 2026-05-10 07:57:41 --> Session: Class initialized using 'CodeIgniter\Session\Handlers\FileHandler' driver.
DEBUG - 2026-05-10 07:57:41 --> Session: Class initialized using 'CodeIgniter\Session\Handlers\FileHandler' driver.
DEBUG - 2026-05-10 07:57:46 --> Session: Class initialized using 'CodeIgniter\Session\Handlers\FileHandler' driver.
DEBUG - 2026-05-10 07:58:01 --> Session: Class initialized using 'CodeIgniter\Session\Handlers\FileHandler' driver.
DEBUG - 2026-05-10 08:01:26 --> Session: Class initialized using 'CodeIgniter\Session\Handlers\FileHandler' driver.
DEBUG - 2026-05-10 08:06:19 --> Session: Class initialized using 'CodeIgniter\Session\Handlers\FileHandler' driver.
DEBUG - 2026-05-10 08:06:21 --> Session: Class initialized using 'CodeIgniter\Session\Handlers\FileHandler' driver.
DEBUG - 2026-05-10 08:06:41 --> Session: Class initialized using 'CodeIgniter\Session\Handlers\FileHandler' driver.
DEBUG - 2026-05-10 08:06:42 --> Session: Class initialized using 'CodeIgniter\Session\Handlers\FileHandler' driver.
DEBUG - 2026-05-10 08:06:44 --> Session: Class initialized using 'CodeIgniter\Session\Handlers\FileHandler' driver.
DEBUG - 2026-05-10 08:06:55 --> Session: Class initialized using 'CodeIgniter\Session\Handlers\FileHandler' driver.
DEBUG - 2026-05-10 08:06:55 --> Session: Class initialized using 'CodeIgniter\Session\Handlers\FileHandler' driver.
DEBUG - 2026-05-10 08:06:58 --> Session: Class initialized using 'CodeIgniter\Session\Handlers\FileHandler' driver.
DEBUG - 2026-05-10 08:06:58 --> Session: Class initialized using 'CodeIgniter\Session\Handlers\FileHandler' driver.
DEBUG - 2026-05-10 08:07:00 --> Session: Class initialized using 'CodeIgniter\Session\Handlers\FileHandler' driver.
DEBUG - 2026-05-10 08:07:02 --> Session: Class initialized using 'CodeIgniter\Session\Handlers\FileHandler' driver.
DEBUG - 2026-05-10 08:07:47 --> Session: Class initialized using 'CodeIgniter\Session\Handlers\FileHandler' driver.
DEBUG - 2026-05-10 08:07:47 --> Session: Class initialized using 'CodeIgniter\Session\Handlers\FileHandler' driver.
DEBUG - 2026-05-10 08:07:50 --> Session: Class initialized using 'CodeIgniter\Session\Handlers\FileHandler' driver.
DEBUG - 2026-05-10 08:11:18 --> Session: Class initialized using 'CodeIgniter\Session\Handlers\FileHandler' driver.
DEBUG - 2026-05-10 08:16:15 --> Session: Class initialized using 'CodeIgniter\Session\Handlers\FileHandler' driver.
DEBUG - 2026-05-10 08:16:15 --> Session: Class initialized using 'CodeIgniter\Session\Handlers\FileHandler' driver.
